Archive member included to satisfy reference by file (symbol)

c:/users/thinkpad/desktop/courses/arm cource/tools/03- imt sdk/03- imt sdk/imt_sdk_win_64/imt_sdk_win_64/winarm/armgcc/bin/../lib/gcc/arm-none-eabi/7.2.1/../../../../arm-none-eabi/lib/thumb/v7e-m\libg_nano.a(lib_a-errno.o)
                              ./system/src/newlib/_sbrk.o (__errno)
c:/users/thinkpad/desktop/courses/arm cource/tools/03- imt sdk/03- imt sdk/imt_sdk_win_64/imt_sdk_win_64/winarm/armgcc/bin/../lib/gcc/arm-none-eabi/7.2.1/../../../../arm-none-eabi/lib/thumb/v7e-m\libg_nano.a(lib_a-impure.o)
                              c:/users/thinkpad/desktop/courses/arm cource/tools/03- imt sdk/03- imt sdk/imt_sdk_win_64/imt_sdk_win_64/winarm/armgcc/bin/../lib/gcc/arm-none-eabi/7.2.1/../../../../arm-none-eabi/lib/thumb/v7e-m\libg_nano.a(lib_a-errno.o) (_impure_ptr)
c:/users/thinkpad/desktop/courses/arm cource/tools/03- imt sdk/03- imt sdk/imt_sdk_win_64/imt_sdk_win_64/winarm/armgcc/bin/../lib/gcc/arm-none-eabi/7.2.1/../../../../arm-none-eabi/lib/thumb/v7e-m\libg_nano.a(lib_a-memset.o)
                              ./src/ESP_program.o (memset)
c:/users/thinkpad/desktop/courses/arm cource/tools/03- imt sdk/03- imt sdk/imt_sdk_win_64/imt_sdk_win_64/winarm/armgcc/bin/../lib/gcc/arm-none-eabi/7.2.1/../../../../arm-none-eabi/lib/thumb/v7e-m\libg_nano.a(lib_a-strlen.o)
                              ./system/src/diag/Trace.o (strlen)
c:/users/thinkpad/desktop/courses/arm cource/tools/03- imt sdk/03- imt sdk/imt_sdk_win_64/imt_sdk_win_64/winarm/armgcc/bin/../lib/gcc/arm-none-eabi/7.2.1/../../../../arm-none-eabi/lib/thumb/v7e-m\libg_nano.a(lib_a-vsnprintf.o)
                              ./system/src/diag/Trace.o (vsnprintf)
c:/users/thinkpad/desktop/courses/arm cource/tools/03- imt sdk/03- imt sdk/imt_sdk_win_64/imt_sdk_win_64/winarm/armgcc/bin/../lib/gcc/arm-none-eabi/7.2.1/../../../../arm-none-eabi/lib/thumb/v7e-m\libg_nano.a(lib_a-nano-svfprintf.o)
                              c:/users/thinkpad/desktop/courses/arm cource/tools/03- imt sdk/03- imt sdk/imt_sdk_win_64/imt_sdk_win_64/winarm/armgcc/bin/../lib/gcc/arm-none-eabi/7.2.1/../../../../arm-none-eabi/lib/thumb/v7e-m\libg_nano.a(lib_a-vsnprintf.o) (_svfprintf_r)
c:/users/thinkpad/desktop/courses/arm cource/tools/03- imt sdk/03- imt sdk/imt_sdk_win_64/imt_sdk_win_64/winarm/armgcc/bin/../lib/gcc/arm-none-eabi/7.2.1/../../../../arm-none-eabi/lib/thumb/v7e-m\libg_nano.a(lib_a-nano-vfprintf_i.o)
                              c:/users/thinkpad/desktop/courses/arm cource/tools/03- imt sdk/03- imt sdk/imt_sdk_win_64/imt_sdk_win_64/winarm/armgcc/bin/../lib/gcc/arm-none-eabi/7.2.1/../../../../arm-none-eabi/lib/thumb/v7e-m\libg_nano.a(lib_a-nano-svfprintf.o) (_printf_i)
c:/users/thinkpad/desktop/courses/arm cource/tools/03- imt sdk/03- imt sdk/imt_sdk_win_64/imt_sdk_win_64/winarm/armgcc/bin/../lib/gcc/arm-none-eabi/7.2.1/../../../../arm-none-eabi/lib/thumb/v7e-m\libg_nano.a(lib_a-memchr.o)
                              c:/users/thinkpad/desktop/courses/arm cource/tools/03- imt sdk/03- imt sdk/imt_sdk_win_64/imt_sdk_win_64/winarm/armgcc/bin/../lib/gcc/arm-none-eabi/7.2.1/../../../../arm-none-eabi/lib/thumb/v7e-m\libg_nano.a(lib_a-nano-svfprintf.o) (memchr)
c:/users/thinkpad/desktop/courses/arm cource/tools/03- imt sdk/03- imt sdk/imt_sdk_win_64/imt_sdk_win_64/winarm/armgcc/bin/../lib/gcc/arm-none-eabi/7.2.1/../../../../arm-none-eabi/lib/thumb/v7e-m\libg_nano.a(lib_a-memcpy-stub.o)
                              c:/users/thinkpad/desktop/courses/arm cource/tools/03- imt sdk/03- imt sdk/imt_sdk_win_64/imt_sdk_win_64/winarm/armgcc/bin/../lib/gcc/arm-none-eabi/7.2.1/../../../../arm-none-eabi/lib/thumb/v7e-m\libg_nano.a(lib_a-nano-svfprintf.o) (memcpy)
c:/users/thinkpad/desktop/courses/arm cource/tools/03- imt sdk/03- imt sdk/imt_sdk_win_64/imt_sdk_win_64/winarm/armgcc/bin/../lib/gcc/arm-none-eabi/7.2.1/../../../../arm-none-eabi/lib/thumb/v7e-m\libg_nano.a(lib_a-memmove.o)
                              c:/users/thinkpad/desktop/courses/arm cource/tools/03- imt sdk/03- imt sdk/imt_sdk_win_64/imt_sdk_win_64/winarm/armgcc/bin/../lib/gcc/arm-none-eabi/7.2.1/../../../../arm-none-eabi/lib/thumb/v7e-m\libg_nano.a(lib_a-nano-svfprintf.o) (memmove)
c:/users/thinkpad/desktop/courses/arm cource/tools/03- imt sdk/03- imt sdk/imt_sdk_win_64/imt_sdk_win_64/winarm/armgcc/bin/../lib/gcc/arm-none-eabi/7.2.1/../../../../arm-none-eabi/lib/thumb/v7e-m\libg_nano.a(lib_a-nano-freer.o)
                              c:/users/thinkpad/desktop/courses/arm cource/tools/03- imt sdk/03- imt sdk/imt_sdk_win_64/imt_sdk_win_64/winarm/armgcc/bin/../lib/gcc/arm-none-eabi/7.2.1/../../../../arm-none-eabi/lib/thumb/v7e-m\libg_nano.a(lib_a-nano-svfprintf.o) (_free_r)
c:/users/thinkpad/desktop/courses/arm cource/tools/03- imt sdk/03- imt sdk/imt_sdk_win_64/imt_sdk_win_64/winarm/armgcc/bin/../lib/gcc/arm-none-eabi/7.2.1/../../../../arm-none-eabi/lib/thumb/v7e-m\libg_nano.a(lib_a-nano-mallocr.o)
[...]
Memory Configuration

Name             Origin             Length             Attributes
RAM              0x20000000         0x00010000         xrw
CCMRAM           0x10000000         0x00000000         xrw
FLASH            0x08000000         0x00004000         xr
FLASHB1          0x00000000         0x00000000         xr
EXTMEMB0         0x00000000         0x00000000         xr
EXTMEMB1         0x00000000         0x00000000         xr
EXTMEMB2         0x00000000         0x00000000         xr
EXTMEMB3         0x00000000         0x00000000         xr
*default*        0x00000000         0xffffffff

Linker script and memory map

LOAD ./system/src/stm32f4-hal/stm32f4xx_hal.o
LOAD ./system/src/stm32f4-hal/stm32f4xx_hal_cortex.o
LOAD ./system/src/stm32f4-hal/stm32f4xx_hal_dfsdm.o
LOAD ./system/src/stm32f4-hal/stm32f4xx_hal_flash.o
LOAD ./system/src/stm32f4-hal/stm32f4xx_hal_gpio.o
LOAD ./system/src/stm32f4-hal/stm32f4xx_hal_iwdg.o
LOAD ./system/src/stm32f4-hal/stm32f4xx_hal_pwr.o
LOAD ./system/src/stm32f4-hal/stm32f4xx_hal_rcc.o
LOAD ./system/src/newlib/_cxx.o
LOAD ./system/src/newlib/_exit.o
LOAD ./system/src/newlib/_sbrk.o
LOAD ./system/src/newlib/_startup.o
LOAD ./system/src/newlib/_syscalls.o
LOAD ./system/src/newlib/assert.o
LOAD ./system/src/diag/Trace.o
LOAD ./system/src/diag/trace_impl.o
LOAD ./system/src/cortexm/_initialize_hardware.o
LOAD ./system/src/cortexm/_reset_hardware.o
LOAD ./system/src/cortexm/exception_handlers.o
LOAD ./system/src/cmsis/system_stm32f4xx.o
LOAD ./system/src/cmsis/vectors_stm32f401xc.o
LOAD ./src/BL_program.o
LOAD ./src/ESP8266_program.o
LOAD ./src/ESP_program.o
LOAD ./src/FPEC_program.o
LOAD ./src/GPIO_program.o
LOAD ./src/NVIC_program.o
LOAD ./src/RCC_program.o
LOAD ./src/STK_program.o
LOAD ./src/UART_program.o
LOAD ./src/_initialize_hardware.o
LOAD ./src/main.o
LOAD ./src/stm32f4xx_hal_msp.o
LOAD c:/users/thinkpad/desktop/courses/arm cource/tools/03- imt sdk/03- imt sdk/imt_sdk_win_64/imt_sdk_win_64/winarm/armgcc/bin/../lib/gcc/arm-none-eabi/7.2.1/../../../../arm-none-eabi/lib/thumb/v7e-m\libstdc++_nano.a
LOAD c:/users/thinkpad/desktop/courses/arm cource/tools/03- imt sdk/03- imt sdk/imt_sdk_win_64/imt_sdk_win_64/winarm/armgcc/bin/../lib/gcc/arm-none-eabi/7.2.1/../../../../arm-none-eabi/lib/thumb/v7e-m\libm.a
START GROUP
LOAD c:/users/thinkpad/desktop/courses/arm cource/tools/03- imt sdk/03- imt sdk/imt_sdk_win_64/imt_sdk_win_64/winarm/armgcc/bin/../lib/gcc/arm-none-eabi/7.2.1/thumb/v7e-m\libgcc.a
LOAD c:/users/thinkpad/desktop/courses/arm cource/tools/03- imt sdk/03- imt sdk/imt_sdk_win_64/imt_sdk_win_64/winarm/armgcc/bin/../lib/gcc/arm-none-eabi/7.2.1/../../../../arm-none-eabi/lib/thumb/v7e-m\libg_nano.a
LOAD c:/users/thinkpad/desktop/courses/arm cource/tools/03- imt sdk/03- imt sdk/imt_sdk_win_64/imt_sdk_win_64/winarm/armgcc/bin/../lib/gcc/arm-none-eabi/7.2.1/../../../../arm-none-eabi/lib/thumb/v7e-m\libc_nano.a
END GROUP
START GROUP
LOAD c:/users/thinkpad/desktop/courses/arm cource/tools/03- imt sdk/03- imt sdk/imt_sdk_win_64/imt_sdk_win_64/winarm/armgcc/bin/../lib/gcc/arm-none-eabi/7.2.1/thumb/v7e-m\libgcc.a
LOAD c:/users/thinkpad/desktop/courses/arm cource/tools/03- imt sdk/03- imt sdk/imt_sdk_win_64/imt_sdk_win_64/winarm/armgcc/bin/../lib/gcc/arm-none-eabi/7.2.1/../../../../arm-none-eabi/lib/thumb/v7e-m\libc_nano.a
END GROUP
                0x20010000                __stack = (ORIGIN (RAM) + LENGTH (RAM))
                0x20010000                _estack = __stack
                0x00000400                __Main_Stack_Size = 0x400
                [!provide]                PROVIDE (_Main_Stack_Size, __Main_Stack_Size)
                0x2000fc00                __Main_Stack_Limit = (__stack - __Main_Stack_Size)
                [!provide]                PROVIDE (_Main_Stack_Limit, __Main_Stack_Limit)
                0x00000100                _Minimum_Stack_Size = 0x100
                0x200009c4                PROVIDE (_Heap_Begin, _end_noinit)
                0x2000fc00                PROVIDE (_Heap_Limit, (__stack - __Main_Stack_Size))

.isr_vector     0x08000000      0x3f4
 FILL mask 0xff
                0x08000000                __vectors_start = ABSOLUTE (.)
                0x08000000                __vectors_start__ = ABSOLUTE (.)
 *(.isr_vector)
 .isr_vector    0x08000000      0x194 ./system/src/cmsis/vectors_stm32f401xc.o
                0x08000000                __isr_vectors
 *(.cfmconfig)
 *(.after_vectors .after_vectors.*)
 .after_vectors
                0x08000194      0x130 ./system/src/newlib/_startup.o
                0x08000194                _start
 .after_vectors
                0x080002c4      0x12c ./system/src/cortexm/exception_handlers.o
                0x080002c4                Reset_Handler
                0x080002ca                NMI_Handler
                0x080002ce                HardFault_Handler
                0x080002e2                HardFault_Handler_C
                0x08000340                MemManage_Handler
                0x08000344                BusFault_Handler
                0x08000358                BusFault_Handler_C
                0x0800038c                UsageFault_Handler
                0x080003a0                UsageFault_Handler_C
                0x080003d4                SVC_Handler
                0x080003d8                DebugMon_Handler
                0x080003dc                PendSV_Handler
 .after_vectors
                0x080003f0        0x4 ./system/src/cmsis/vectors_stm32f401xc.o
                0x080003f0                RTC_Alarm_IRQHandler
                0x080003f0                EXTI2_IRQHandler
                0x080003f0                SPI4_IRQHandler
                0x080003f0                TIM1_CC_IRQHandler
                0x080003f0                DMA2_Stream5_IRQHandler
                0x080003f0                DMA1_Stream5_IRQHandler
                0x080003f0                PVD_IRQHandler
                0x080003f0                SDIO_IRQHandler
                0x080003f0                TAMP_STAMP_IRQHandler
                0x080003f0                EXTI3_IRQHandler
                0x080003f0                TIM1_UP_TIM10_IRQHandler
                0x080003f0                I2C3_ER_IRQHandler
                0x080003f0                EXTI0_IRQHandler
                0x080003f0                I2C2_EV_IRQHandler
                0x080003f0                DMA1_Stream2_IRQHandler
                0x080003f0                FPU_IRQHandler
                0x080003f0                DMA2_Stream2_IRQHandler
                0x080003f0                SPI1_IRQHandler
                0x080003f0                TIM1_BRK_TIM9_IRQHandler
                0x080003f0                DMA2_Stream3_IRQHandler
                0x080003f0                USART6_IRQHandler
                0x080003f0                DMA2_Stream0_IRQHandler
                0x080003f0                TIM4_IRQHandler
                0x080003f0                I2C1_EV_IRQHandler
                0x080003f0                DMA1_Stream6_IRQHandler
                0x080003f0                DMA1_Stream1_IRQHandler
                0x080003f0                TIM3_IRQHandler
                0x080003f0                RCC_IRQHandler
                0x080003f0                Default_Handler
                0x080003f0                EXTI15_10_IRQHandler
                0x080003f0                ADC_IRQHandler
                0x080003f0                DMA1_Stream7_IRQHandler
                0x080003f0                TIM5_IRQHandler
                0x080003f0                DMA2_Stream7_IRQHandler
                0x080003f0                I2C3_EV_IRQHandler
                0x080003f0                EXTI9_5_IRQHandler
                0x080003f0                RTC_WKUP_IRQHandler
                0x080003f0                SPI2_IRQHandler
                0x080003f0                DMA1_Stream0_IRQHandler
                0x080003f0                EXTI4_IRQHandler
                0x080003f0                WWDG_IRQHandler
                0x080003f0                TIM2_IRQHandler
                0x080003f0                OTG_FS_WKUP_IRQHandler
                0x080003f0                TIM1_TRG_COM_TIM11_IRQHandler
                0x080003f0                EXTI1_IRQHandler
                0x080003f0                USART2_IRQHandler
                0x080003f0                I2C2_ER_IRQHandler
                0x080003f0                DMA2_Stream1_IRQHandler
                0x080003f0                FLASH_IRQHandler
                0x080003f0                DMA2_Stream4_IRQHandler
                0x080003f0                USART1_IRQHandler
                0x080003f0                OTG_FS_IRQHandler
                0x080003f0                SPI3_IRQHandler
                0x080003f0                DMA1_Stream4_IRQHandler
                0x080003f0                I2C1_ER_IRQHandler
                0x080003f0                DMA2_Stream6_IRQHandler
                0x080003f0                DMA1_Stream3_IRQHandler

.inits          0x080003f4       0x28
                0x080003f4                __data_regions_array_start = .
                0x080003f4        0x4 LONG 0x8002784 LOADADDR (.data)
                0x080003f8        0x4 LONG 0x20000000 ADDR (.data)
                0x080003fc        0x4 LONG 0x2000007c (ADDR (.data) + SIZEOF (.data))
                0x08000400        0x4 LONG 0x8002784 LOADADDR (.data_CCMRAM)
                0x08000404        0x4 LONG 0x10000000 ADDR (.data_CCMRAM)
                0x08000408        0x4 LONG 0x10000000 (ADDR (.data_CCMRAM) + SIZEOF (.data_CCMRAM))
                0x0800040c                __data_regions_array_end = .
                0x0800040c                __bss_regions_array_start = .
                0x0800040c        0x4 LONG 0x2000007c ADDR (.bss)
                0x08000410        0x4 LONG 0x200009c4 (ADDR (.bss) + SIZEOF (.bss))
                0x08000414        0x4 LONG 0x10000000 ADDR (.bss_CCMRAM)
                0x08000418        0x4 LONG 0x10000000 (ADDR (.bss_CCMRAM) + SIZEOF (.bss_CCMRAM))
                0x0800041c                __bss_regions_array_end = .
 *(.init)
 *(.fini)
                0x0800041c                . = ALIGN (0x4)
                0x0800041c                PROVIDE (__preinit_array_start, .)
 *(.preinit_array_sysinit .preinit_array_sysinit.*)
 *(.preinit_array_platform .preinit_array_platform.*)
 *(.preinit_array .preinit_array.*)
                0x0800041c                PROVIDE (__preinit_array_end, .)
                0x0800041c                . = ALIGN (0x4)
                0x0800041c                PROVIDE (__init_array_start, .)
 *(SORT_BY_NAME(.init_array.*))
 *(.init_array)
                0x0800041c                PROVIDE (__init_array_end, .)
                0x0800041c                . = ALIGN (0x4)
                0x0800041c                PROVIDE (__fini_array_start, .)
 *(SORT_BY_NAME(.fini_array.*))
 *(.fini_array)
                0x0800041c                PROVIDE (__fini_array_end, .)

.flashtext
 *(.flashtext .flashtext.*)

.text           0x08000420     0x2363
 *(.text .text.*)
 .text.HAL_InitTick
                0x08000420       0x2c ./system/src/stm32f4-hal/stm32f4xx_hal.o
                0x08000420                HAL_InitTick
 .text.HAL_Init
                0x0800044c       0x34 ./system/src/stm32f4-hal/stm32f4xx_hal.o
                0x0800044c                HAL_Init
 .text.HAL_GetTick
                0x08000480        0xc ./system/src/stm32f4-hal/stm32f4xx_hal.o
                0x08000480                HAL_GetTick
 .text.HAL_NVIC_SetPriorityGrouping
                0x0800048c       0x3c ./system/src/stm32f4-hal/stm32f4xx_hal_cortex.o
                0x0800048c                HAL_NVIC_SetPriorityGrouping
 .text.HAL_NVIC_SetPriority
                0x080004c8       0x8c ./system/src/stm32f4-hal/stm32f4xx_hal_cortex.o
                0x080004c8                HAL_NVIC_SetPriority
 .text.HAL_SYSTICK_Config
                0x08000554       0x2c ./system/src/stm32f4-hal/stm32f4xx_hal_cortex.o
                0x08000554                HAL_SYSTICK_Config
 .text.HAL_SYSTICK_CLKSourceConfig
                0x08000580       0x3c ./system/src/stm32f4-hal/stm32f4xx_hal_cortex.o
                0x08000580                HAL_SYSTICK_CLKSourceConfig
 .text.HAL_RCC_OscConfig
                0x080005bc      0x43c ./system/src/stm32f4-hal/stm32f4xx_hal_rcc.o
                0x080005bc                HAL_RCC_OscConfig
 .text.HAL_RCC_GetSysClockFreq
                0x080009f8       0x94 ./system/src/stm32f4-hal/stm32f4xx_hal_rcc.o
                0x080009f8                HAL_RCC_GetSysClockFreq
 .text.HAL_RCC_ClockConfig
                0x08000a8c      0x258 ./system/src/stm32f4-hal/stm32f4xx_hal_rcc.o
                0x08000a8c                HAL_RCC_ClockConfig
 .text.HAL_RCC_GetHCLKFreq
                0x08000ce4        0xc ./system/src/stm32f4-hal/stm32f4xx_hal_rcc.o
                0x08000ce4                HAL_RCC_GetHCLKFreq
 .text._exit    0x08000cf0        0x2 ./system/src/newlib/_exit.o
                0x08000cf0                _exit
 *fill*         0x08000cf2        0x2 
 .text.abort    0x08000cf4       0x14 ./system/src/newlib/_exit.o
                0x08000cf4                abort
 .text._sbrk    0x08000d08       0x44 ./system/src/newlib/_sbrk.o
                0x08000d08                _sbrk
 .text.__initialize_args
                0x08000d4c       0x10 ./system/src/newlib/_syscalls.o
                0x08000d4c                __initialize_args
 .text.assert_failed
                0x08000d5c       0x14 ./system/src/newlib/assert.o
                0x08000d5c                assert_failed
 .text.trace_printf
                0x08000d70       0x30 ./system/src/diag/Trace.o
                0x08000d70                trace_printf
 .text.trace_puts
                0x08000da0       0x20 ./system/src/diag/Trace.o
                0x08000da0                trace_puts
 .text._trace_write_semihosting_debug
                0x08000dc0       0x60 ./system/src/diag/trace_impl.o
 .text.trace_write
                0x08000e20        0x8 ./system/src/diag/trace_impl.o
                0x08000e20                trace_write
 .text.__initialize_hardware_early
                0x08000e28       0x18 ./system/src/cortexm/_initialize_hardware.o
                0x08000e28                __initialize_hardware_early
 .text.dumpExceptionStack
                0x08000e40       0xf4 ./system/src/cortexm/exception_handlers.o
                0x08000e40                dumpExceptionStack
 .text.isSemihosting
                0x08000f34       0x20 ./system/src/cortexm/exception_handlers.o
                0x08000f34                isSemihosting
 .text.SystemInit
                0x08000f54       0x40 ./system/src/cmsis/system_stm32f4xx.o
                0x08000f54                SystemInit
 .text.SystemCoreClockUpdate
                0x08000f94       0xa0 ./system/src/cmsis/system_stm32f4xx.o
                0x08000f94                SystemCoreClockUpdate
 .text.u8AsciToHex
                0x08001034       0x16 ./src/BL_program.o
 *fill*         0x0800104a        0x2 
 .text.voidParseData
                0x0800104c      0x13c ./src/BL_program.o
 .text.ParseUpperAddress
                0x08001188       0x40 ./src/BL_program.o
                0x08001188                ParseUpperAddress
 .text.Parser_voidParseRecord
                0x080011c8       0x1a ./src/BL_program.o
                0x080011c8                Parser_voidParseRecord
 .text.delay_us
                0x080011e2       0x10 ./src/ESP_program.o
                0x080011e2                delay_us
 *fill*         0x080011f2        0x2 
 .text.ESP_voidInit
                0x080011f4       0xa8 ./src/ESP_program.o
                0x080011f4                ESP_voidInit
 .text.ESP_voidConnectToWiFi
                0x0800129c       0x68 ./src/ESP_program.o
                0x0800129c                ESP_voidConnectToWiFi
 .text.ESP_voidConnectToSrvTcp
                0x08001304       0x50 ./src/ESP_program.o
                0x08001304                ESP_voidConnectToSrvTcp
 .text.ESP_u8ReceiveHttpReq
                0x08001354      0x100 ./src/ESP_program.o
                0x08001354                ESP_u8ReceiveHttpReq
 .text.ESP_voidSendOk
                0x08001454       0xb8 ./src/ESP_program.o
                0x08001454                ESP_voidSendOk
 .text.ESP_voidReceiveHttpReq
                0x0800150c       0xbc ./src/ESP_program.o
                0x0800150c                ESP_voidReceiveHttpReq
 .text.MFPEC_voidFlashSectorErase
                0x080015c8       0x68 ./src/FPEC_program.o
                0x080015c8                MFPEC_voidFlashSectorErase
 .text.MFPEC_voidEraseAppArea
                0x08001630       0x18 ./src/FPEC_program.o
                0x08001630                MFPEC_voidEraseAppArea
 .text.MFPEC_voidFlashWrite
                0x08001648       0x7c ./src/FPEC_program.o
                0x08001648                MFPEC_voidFlashWrite
 .text.MGPIO_voidSetPinMode
                0x080016c4       0x28 ./src/GPIO_program.o
                0x080016c4                MGPIO_voidSetPinMode
 .text.MGPIO_voidSetAlternativeFunction
                0x080016ec       0x5c ./src/GPIO_program.o
                0x080016ec                MGPIO_voidSetAlternativeFunction
 .text.RCC_voidInit
                0x08001748       0x68 ./src/RCC_program.o
                0x08001748                RCC_voidInit
 .text.RCC_voidEnablePeripheralClock
                0x080017b0       0x48 ./src/RCC_program.o
                0x080017b0                RCC_voidEnablePeripheralClock
 .text.MSTK_voidInit
                0x080017f8       0x20 ./src/STK_program.o
                0x080017f8                MSTK_voidInit
 .text.SysTick_Handler
                0x08001818       0x38 ./src/STK_program.o
                0x08001818                SysTick_Handler
 .text.MUSART1_voidInit
                0x08001850       0x40 ./src/UART_program.o
                0x08001850                MUSART1_voidInit
 .text.MUSART1_voidTransmit
                0x08001890       0x24 ./src/UART_program.o
                0x08001890                MUSART1_voidTransmit
 .text.MUSART1_u8ReceiveTimeOut
                0x080018b4       0x30 ./src/UART_program.o
                0x080018b4                MUSART1_u8ReceiveTimeOut
 .text.MUSART1_voidReceiveBuffer
                0x080018e4       0x18 ./src/UART_program.o
                0x080018e4                MUSART1_voidReceiveBuffer
 .text.SystemClock_Config
                0x080018fc       0x98 ./src/_initialize_hardware.o
                0x080018fc                SystemClock_Config
 .text.__initialize_hardware
                0x08001994       0x10 ./src/_initialize_hardware.o
                0x08001994                __initialize_hardware
 .text.Func     0x080019a4       0x24 ./src/main.o
                0x080019a4                Func
 .text.send_rec
                0x080019c8       0x9c ./src/main.o
                0x080019c8                send_rec
 .text.main     0x08001a64       0xb8 ./src/main.o
                0x08001a64                main
 .text.HAL_MspInit
                0x08001b1c        0x2 ./src/stm32f4xx_hal_msp.o
                0x08001b1c                HAL_MspInit
 *fill*         0x08001b1e        0x2 
 .text.__errno  0x08001b20        0xc c:/users/thinkpad/desktop/courses/arm cource/tools/03- imt sdk/03- imt sdk/imt_sdk_win_64/imt_sdk_win_64/winarm/armgcc/bin/../lib/gcc/arm-none-eabi/7.2.1/../../../../arm-none-eabi/lib/thumb/v7e-m\libg_nano.a(lib_a-errno.o)
                0x08001b20                __errno
 .text.memset   0x08001b2c       0x10 c:/users/thinkpad/desktop/courses/arm cource/tools/03- imt sdk/03- imt sdk/imt_sdk_win_64/imt_sdk_win_64/winarm/armgcc/bin/../lib/gcc/arm-none-eabi/7.2.1/../../../../arm-none-eabi/lib/thumb/v7e-m\libg_nano.a(lib_a-memset.o)
                0x08001b2c                memset
 .text          0x08001b3c       0x10 c:/users/thinkpad/desktop/courses/arm cource/tools/03- imt sdk/03- imt sdk/imt_sdk_win_64/imt_sdk_win_64/winarm/armgcc/bin/../lib/gcc/arm-none-eabi/7.2.1/../../../../arm-none-eabi/lib/thumb/v7e-m\libg_nano.a(lib_a-strlen.o)
                0x08001b3c                strlen
 .text._vsnprintf_r
                0x08001b4c       0x58 c:/users/thinkpad/desktop/courses/arm cource/tools/03- imt sdk/03- imt sdk/imt_sdk_win_64/imt_sdk_win_64/winarm/armgcc/bin/../lib/gcc/arm-none-eabi/7.2.1/../../../../arm-none-eabi/lib/thumb/v7e-m\libg_nano.a(lib_a-vsnprintf.o)
                0x08001b4c                _vsniprintf_r
                0x08001b4c                _vsnprintf_r
 .text.vsnprintf
                0x08001ba4       0x1c c:/users/thinkpad/desktop/courses/arm cource/tools/03- imt sdk/03- imt sdk/imt_sdk_win_64/imt_sdk_win_64/winarm/armgcc/bin/../lib/gcc/arm-none-eabi/7.2.1/../../../../arm-none-eabi/lib/thumb/v7e-m\libg_nano.a(lib_a-vsnprintf.o)
                0x08001ba4                vsniprintf
                0x08001ba4                vsnprintf
 .text.__ssputs_r
                0x08001bc0       0xb4 c:/users/thinkpad/desktop/courses/arm cource/tools/03- imt sdk/03- imt sdk/imt_sdk_win_64/imt_sdk_win_64/winarm/armgcc/bin/../lib/gcc/arm-none-eabi/7.2.1/../../../../arm-none-eabi/lib/thumb/v7e-m\libg_nano.a(lib_a-nano-svfprintf.o)
                0x08001bc0                __ssputs_r
 .text._svfprintf_r
                0x08001c74      0x1ec c:/users/thinkpad/desktop/courses/arm cource/tools/03- imt sdk/03- imt sdk/imt_sdk_win_64/imt_sdk_win_64/winarm/armgcc/bin/../lib/gcc/arm-none-eabi/7.2.1/../../../../arm-none-eabi/lib/thumb/v7e-m\libg_nano.a(lib_a-nano-svfprintf.o)
                0x08001c74                _svfiprintf_r
                0x08001c74                _svfprintf_r
 .text._printf_common
                0x08001e60       0xea c:/users/thinkpad/desktop/courses/arm cource/tools/03- imt sdk/03- imt sdk/imt_sdk_win_64/imt_sdk_win_64/winarm/armgcc/bin/../lib/gcc/arm-none-eabi/7.2.1/../../../../arm-none-eabi/lib/thumb/v7e-m\libg_nano.a(lib_a-nano-vfprintf_i.o)
                0x08001e60                _printf_common
 *fill*         0x08001f4a        0x2 
 .text._printf_i
                0x08001f4c      0x224 c:/users/thinkpad/desktop/courses/arm cource/tools/03- imt sdk/03- imt sdk/imt_sdk_win_64/imt_sdk_win_64/winarm/armgcc/bin/../lib/gcc/arm-none-eabi/7.2.1/../../../../arm-none-eabi/lib/thumb/v7e-m\libg_nano.a(lib_a-nano-vfprintf_i.o)
                0x08001f4c                _printf_i
 .text          0x08002170       0xa0 c:/users/thinkpad/desktop/courses/arm cource/tools/03- imt sdk/03- imt sdk/imt_sdk_win_64/imt_sdk_win_64/winarm/armgcc/bin/../lib/gcc/arm-none-eabi/7.2.1/../../../../arm-none-eabi/lib/thumb/v7e-m\libg_nano.a(lib_a-memchr.o)
                0x08002170                memchr
 .text.memcpy   0x08002210       0x16 c:/users/thinkpad/desktop/courses/arm cource/tools/03- imt sdk/03- imt sdk/imt_sdk_win_64/imt_sdk_win_64/winarm/armgcc/bin/../lib/gcc/arm-none-eabi/7.2.1/../../../../arm-none-eabi/lib/thumb/v7e-m\libg_nano.a(lib_a-memcpy-stub.o)
                0x08002210                memcpy
 .text.memmove  0x08002226       0x32 c:/users/thinkpad/desktop/courses/arm cource/tools/03- imt sdk/03- imt sdk/imt_sdk_win_64/imt_sdk_win_64/winarm/armgcc/bin/../lib/gcc/arm-none-eabi/7.2.1/../../../../arm-none-eabi/lib/thumb/v7e-m\libg_nano.a(lib_a-memmove.o)
                0x08002226                memmove
 .text._free_r  0x08002258       0x9c c:/users/thinkpad/desktop/courses/arm cource/tools/03- imt sdk/03- imt sdk/imt_sdk_win_64/imt_sdk_win_64/winarm/armgcc/bin/../lib/gcc/arm-none-eabi/7.2.1/../../../../arm-none-eabi/lib/thumb/v7e-m\libg_nano.a(lib_a-nano-freer.o)
                0x08002258                _free_r
 .text._malloc_r
                0x080022f4       0xb4 c:/users/thinkpad/desktop/courses/arm cource/tools/03- imt sdk/03- imt sdk/imt_sdk_win_64/imt_sdk_win_64/winarm/armgcc/bin/../lib/gcc/arm-none-eabi/7.2.1/../../../../arm-none-eabi/lib/thumb/v7e-m\libg_nano.a(lib_a-nano-mallocr.o)
                0x080022f4                _malloc_r
 .text._realloc_r
                0x080023a8       0x4c c:/users/thinkpad/desktop/courses/arm cource/tools/03- imt sdk/03- imt sdk/imt_sdk_win_64/imt_sdk_win_64/winarm/armgcc/bin/../lib/gcc/arm-none-eabi/7.2.1/../../../../arm-none-eabi/lib/thumb/v7e-m\libg_nano.a(lib_a-nano-reallocr.o)
                0x080023a8                _realloc_r
 .text._sbrk_r  0x080023f4       0x20 c:/users/thinkpad/desktop/courses/arm cource/tools/03- imt sdk/03- imt sdk/imt_sdk_win_64/imt_sdk_win_64/winarm/armgcc/bin/../lib/gcc/arm-none-eabi/7.2.1/../../../../arm-none-eabi/lib/thumb/v7e-m\libg_nano.a(lib_a-sbrkr.o)
                0x080023f4                _sbrk_r
 .text.__malloc_lock
                0x08002414        0x2 c:/users/thinkpad/desktop/courses/arm cource/tools/03- imt sdk/03- imt sdk/imt_sdk_win_64/imt_sdk_win_64/winarm/armgcc/bin/../lib/gcc/arm-none-eabi/7.2.1/../../../../arm-none-eabi/lib/thumb/v7e-m\libg_nano.a(lib_a-mlock.o)
                0x08002414                __malloc_lock
 .text.__malloc_unlock
                0x08002416        0x2 c:/users/thinkpad/desktop/courses/arm cource/tools/03- imt sdk/03- imt sdk/imt_sdk_win_64/imt_sdk_win_64/winarm/armgcc/bin/../lib/gcc/arm-none-eabi/7.2.1/../../../../arm-none-eabi/lib/thumb/v7e-m\libg_nano.a(lib_a-mlock.o)
                0x08002416                __malloc_unlock
 .text._malloc_usable_size_r
                0x08002418       0x10 c:/users/thinkpad/desktop/courses/arm cource/tools/03- imt sdk/03- imt sdk/imt_sdk_win_64/imt_sdk_win_64/winarm/armgcc/bin/../lib/gcc/arm-none-eabi/7.2.1/../../../../arm-none-eabi/lib/thumb/v7e-m\libg_nano.a(lib_a-nano-msizer.o)
                0x08002418                _malloc_usable_size_r
 *(.rodata .rodata.* .constdata .constdata.*)
 .rodata.HAL_NVIC_SetPriorityGrouping.str1.4
                0x08002428       0x31 ./system/src/stm32f4-hal/stm32f4xx_hal_cortex.o
 *fill*         0x08002459        0x3 
 .rodata.APBAHBPrescTable
                0x0800245c       0x10 ./system/src/stm32f4-hal/stm32f4xx_hal_rcc.o
                0x0800245c                APBAHBPrescTable
 .rodata.HAL_RCC_OscConfig.str1.4
                0x0800246c       0x2e ./system/src/stm32f4-hal/stm32f4xx_hal_rcc.o
 *fill*         0x0800249a        0x2 
 .rodata.abort.str1.4
                0x0800249c       0x14 ./system/src/newlib/_exit.o
 .rodata.assert_failed.str1.4
                0x080024b0       0x2b ./system/src/newlib/assert.o
 .rodata.trace_puts.str1.4
                0x080024db       0x2b ./system/src/diag/Trace.o
                                  0x2 (size before relaxing)
 *fill*         0x080024db        0x1 
 .rodata.dumpExceptionStack.str1.4
                0x080024dc      0x11a ./system/src/cortexm/exception_handlers.o
 *fill*         0x080025f6        0x2 
 .rodata.str1.4
                0x080025f8       0x2a ./system/src/cortexm/exception_handlers.o
 *fill*         0x08002622        0x2 
 .rodata.AHBPrescTable
                0x08002624       0x10 ./system/src/cmsis/system_stm32f4xx.o
                0x08002624                AHBPrescTable
 .rodata.ESP_u8ReceiveHttpReq.str1.4
                0x08002634        0xc ./src/ESP_program.o
 .rodata.ESP_voidConnectToSrvTcp.str1.4
                0x08002640       0x17 ./src/ESP_program.o
                                 0x1b (size before relaxing)
 *fill*         0x08002657        0x1 
 .rodata.ESP_voidConnectToWiFi.str1.4
                0x08002658       0x14 ./src/ESP_program.o
                                 0x18 (size before relaxing)
 .rodata.ESP_voidInit.str1.4
                0x0800266c       0x16 ./src/ESP_program.o
 *fill*         0x08002682        0x2 
 .rodata.main.str1.4
                0x08002684       0xcc ./src/main.o
                                 0xca (size before relaxing)
 .rodata._svfprintf_r.str1.1
                0x08002750       0x11 c:/users/thinkpad/desktop/courses/arm cource/tools/03- imt sdk/03- imt sdk/imt_sdk_win_64/imt_sdk_win_64/winarm/armgcc/bin/../lib/gcc/arm-none-eabi/7.2.1/../../../../arm-none-eabi/lib/thumb/v7e-m\libg_nano.a(lib_a-nano-svfprintf.o)
 .rodata._printf_i.str1.1
                0x08002761       0x22 c:/users/thinkpad/desktop/courses/arm cource/tools/03- imt sdk/03- imt sdk/imt_sdk_win_64/imt_sdk_win_64/winarm/armgcc/bin/../lib/gcc/arm-none-eabi/7.2.1/../../../../arm-none-eabi/lib/thumb/v7e-m\libg_nano.a(lib_a-nano-vfprintf_i.o)
 *(vtable)
 *(.eh_frame*)
 *(.glue_7)
 .glue_7        0x08002783        0x0 linker stubs
 *(.glue_7t)
 .glue_7t       0x08002783        0x0 linker stubs

.vfp11_veneer   0x08002784        0x0
 .vfp11_veneer  0x08002784        0x0 linker stubs

.v4_bx          0x08002784        0x0
 .v4_bx         0x08002784        0x0 linker stubs

.iplt           0x08002784        0x0
 .iplt          0x08002784        0x0 ./system/src/stm32f4-hal/stm32f4xx_hal.o

.rel.dyn        0x08002784        0x0
 .rel.iplt      0x08002784        0x0 ./system/src/stm32f4-hal/stm32f4xx_hal.o

.ARM.extab
 *(.ARM.extab* .gnu.linkonce.armextab.*)
                0x08002784                . = ALIGN (0x4)
                0x08002784                __exidx_start = .

.ARM.exidx
 *(.ARM.exidx* .gnu.linkonce.armexidx.*)
                0x08002784                __exidx_end = .
                0x08002784                . = ALIGN (0x4)
                0x08002784                _etext = .
                0x08002784                __etext = .

.data_CCMRAM    0x10000000        0x0 load address 0x08002784
 FILL mask 0xff
 *(.data.CCMRAM .data.CCMRAM.*)
                0x10000000                . = ALIGN (0x4)
                0x08002784                _sidata = LOADADDR (.data)

.data           0x20000000       0x7c load address 0x08002784
 FILL mask 0xff
                0x20000000                _sdata = .
                0x20000000                __data_start__ = .
 *(.data_begin .data_begin.*)
 .data_begin    0x20000000        0x4 ./system/src/newlib/_startup.o
 *(.data .data.*)
 .data.argv.4310
                0x20000004        0x8 ./system/src/newlib/_syscalls.o
 .data.SystemCoreClock
                0x2000000c        0x4 ./system/src/cmsis/system_stm32f4xx.o
                0x2000000c                SystemCoreClock
 .data.Address  0x20000010        0x4 ./src/BL_program.o
                0x20000010                Address
 .data._impure_ptr
                0x20000014        0x4 c:/users/thinkpad/desktop/courses/arm cource/tools/03- imt sdk/03- imt sdk/imt_sdk_win_64/imt_sdk_win_64/winarm/armgcc/bin/../lib/gcc/arm-none-eabi/7.2.1/../../../../arm-none-eabi/lib/thumb/v7e-m\libg_nano.a(lib_a-impure.o)
                0x20000014                _impure_ptr
 .data.impure_data
                0x20000018       0x60 c:/users/thinkpad/desktop/courses/arm cource/tools/03- imt sdk/03- imt sdk/imt_sdk_win_64/imt_sdk_win_64/winarm/armgcc/bin/../lib/gcc/arm-none-eabi/7.2.1/../../../../arm-none-eabi/lib/thumb/v7e-m\libg_nano.a(lib_a-impure.o)
 *(.data_end .data_end.*)
 .data_end      0x20000078        0x4 ./system/src/newlib/_startup.o
                0x2000007c                . = ALIGN (0x4)
                0x2000007c                _edata = .
                0x2000007c                __data_end__ = .

.igot.plt       0x2000007c        0x0 load address 0x08002800
 .igot.plt      0x2000007c        0x0 ./system/src/stm32f4-hal/stm32f4xx_hal.o

.bss_CCMRAM     0x10000000        0x0
 *(.bss.CCMRAM .bss.CCMRAM.*)

.bss            0x2000007c      0x948
                0x2000007c                __bss_start__ = .
                0x2000007c                _sbss = .
 *(.bss_begin .bss_begin.*)
 .bss_begin     0x2000007c        0x4 ./system/src/newlib/_startup.o
 *(.bss .bss.*)
 .bss.current_heap_end.3961
                0x20000080        0x4 ./system/src/newlib/_sbrk.o
 .bss.name.4309
                0x20000084        0x1 ./system/src/newlib/_syscalls.o
 *fill*         0x20000085        0x3 
 .bss.buf.5205  0x20000088       0x80 ./system/src/diag/Trace.o
 .bss.Data      0x20000108       0xc8 ./src/BL_program.o
                0x20000108                Data
 .bss.pNotificationFunction
                0x200001d0        0x4 ./src/STK_program.o
 .bss.u8IntervalTypeFlag
                0x200001d4        0x4 ./src/STK_program.o
 .bss.DataCome  0x200001d8      0x7d0 ./src/main.o
                0x200001d8                DataCome
 .bss.EndFlag   0x200009a8        0x1 ./src/main.o
                0x200009a8                EndFlag
 *fill*         0x200009a9        0x3 
 .bss.addr_to_call
                0x200009ac        0x4 ./src/main.o
                0x200009ac                addr_to_call
 .bss.__malloc_free_list
                0x200009b0        0x4 c:/users/thinkpad/desktop/courses/arm cource/tools/03- imt sdk/03- imt sdk/imt_sdk_win_64/imt_sdk_win_64/winarm/armgcc/bin/../lib/gcc/arm-none-eabi/7.2.1/../../../../arm-none-eabi/lib/thumb/v7e-m\libg_nano.a(lib_a-nano-mallocr.o)
                0x200009b0                __malloc_free_list
 .bss.__malloc_sbrk_start
                0x200009b4        0x4 c:/users/thinkpad/desktop/courses/arm cource/tools/03- imt sdk/03- imt sdk/imt_sdk_win_64/imt_sdk_win_64/winarm/armgcc/bin/../lib/gcc/arm-none-eabi/7.2.1/../../../../arm-none-eabi/lib/thumb/v7e-m\libg_nano.a(lib_a-nano-mallocr.o)
                0x200009b4                __malloc_sbrk_start
 *(COMMON)
 COMMON         0x200009b8        0x4 ./system/src/stm32f4-hal/stm32f4xx_hal.o
                0x200009b8                uwTick
 COMMON         0x200009bc        0x4 ./system/src/newlib/_syscalls.o
                0x200009bc                errno
 *(.bss_end .bss_end.*)
 .bss_end       0x200009c0        0x4 ./system/src/newlib/_startup.o
                0x200009c4                . = ALIGN (0x4)
                0x200009c4                __bss_end__ = .
                0x200009c4                _ebss = .

.noinit_CCMRAM
 *(.noinit.CCMRAM .noinit.CCMRAM.*)

.noinit         0x200009c4        0x0
                0x200009c4                _noinit = .
 *(.noinit .noinit.*)
                0x200009c4                . = ALIGN (0x4)
                0x200009c4                _end_noinit = .
                [!provide]                PROVIDE (end, _end_noinit)
                [!provide]                PROVIDE (_end, _end_noinit)
                [!provide]                PROVIDE (__end, _end_noinit)
                [!provide]                PROVIDE (__end__, _end_noinit)

._check_stack   0x200009c4      0x100
                0x20000ac4                . = (. + _Minimum_Stack_Size)
 *fill*         0x200009c4      0x100 

.b1text
 *(.b1text)
 *(.b1rodata)
 *(.b1rodata.*)

.eb0text
 *(.eb0text)
 *(.eb0rodata)
 *(.eb0rodata.*)

.eb1text
 *(.eb1text)
 *(.eb1rodata)
 *(.eb1rodata.*)

.eb2text
 *(.eb2text)
 *(.eb2rodata)
 *(.eb2rodata.*)

.eb3text
 *(.eb3text)
 *(.eb3rodata)
 *(.eb3rodata.*)

.stab
 *(.stab)

.stabstr
 *(.stabstr)

.stab.excl
 *(.stab.excl)

.stab.exclstr
 *(.stab.exclstr)

.stab.index
 *(.stab.index)

.stab.indexstr
 *(.stab.indexstr)

.comment        0x00000000       0x7e
 *(.comment)
 .comment       0x00000000       0x7e ./system/src/stm32f4-hal/stm32f4xx_hal.o
                                 0x7f (size before relaxing)
 .comment       0x0000007e       0x7f ./system/src/stm32f4-hal/stm32f4xx_hal_cortex.o
 .comment       0x0000007e       0x7f ./system/src/stm32f4-hal/stm32f4xx_hal_rcc.o
 .comment       0x0000007e       0x7f ./system/src/newlib/_exit.o
 .comment       0x0000007e       0x7f ./system/src/newlib/_sbrk.o
 .comment       0x0000007e       0x7f ./system/src/newlib/_startup.o
 .comment       0x0000007e       0x7f ./system/src/newlib/_syscalls.o
 .comment       0x0000007e       0x7f ./system/src/newlib/assert.o
 .comment       0x0000007e       0x7f ./system/src/diag/Trace.o
 .comment       0x0000007e       0x7f ./system/src/diag/trace_impl.o
 .comment       0x0000007e       0x7f ./system/src/cortexm/_initialize_hardware.o
 .comment       0x0000007e       0x7f ./system/src/cortexm/exception_handlers.o
 .comment       0x0000007e       0x7f ./system/src/cmsis/system_stm32f4xx.o
 .comment       0x0000007e       0x7f ./system/src/cmsis/vectors_stm32f401xc.o
 .comment       0x0000007e       0x7f ./src/BL_program.o
 .comment       0x0000007e       0x7f ./src/ESP_program.o
 .comment       0x0000007e       0x7f ./src/FPEC_program.o
 .comment       0x0000007e       0x7f ./src/GPIO_program.o
 .comment       0x0000007e       0x7f ./src/RCC_program.o
 .comment       0x0000007e       0x7f ./src/STK_program.o
 .comment       0x0000007e       0x7f ./src/UART_program.o
 .comment       0x0000007e       0x7f ./src/_initialize_hardware.o
 .comment       0x0000007e       0x7f ./src/main.o
 .comment       0x0000007e       0x7f ./src/stm32f4xx_hal_msp.o

.ARM.attributes
                0x00000000       0x31
 .ARM.attributes
                0x00000000       0x33 ./system/src/stm32f4-hal/stm32f4xx_hal.o
 .ARM.attributes
                0x00000033       0x33 ./system/src/stm32f4-hal/stm32f4xx_hal_cortex.o
 .ARM.attributes
                0x00000066       0x33 ./system/src/stm32f4-hal/stm32f4xx_hal_rcc.o
 .ARM.attributes
                0x00000099       0x33 ./system/src/newlib/_exit.o
 .ARM.attributes
                0x000000cc       0x33 ./system/src/newlib/_sbrk.o
 .ARM.attributes
                0x000000ff       0x33 ./system/src/newlib/_startup.o
 .ARM.attributes
                0x00000132       0x33 ./system/src/newlib/_syscalls.o
 .ARM.attributes
                0x00000165       0x33 ./system/src/newlib/assert.o
 .ARM.attributes
                0x00000198       0x33 ./system/src/diag/Trace.o
 .ARM.attributes
                0x000001cb       0x33 ./system/src/diag/trace_impl.o
 .ARM.attributes
                0x000001fe       0x33 ./system/src/cortexm/_initialize_hardware.o
 .ARM.attributes
                0x00000231       0x33 ./system/src/cortexm/exception_handlers.o
 .ARM.attributes
                0x00000264       0x33 ./system/src/cmsis/system_stm32f4xx.o
 .ARM.attributes
                0x00000297       0x33 ./system/src/cmsis/vectors_stm32f401xc.o
 .ARM.attributes
                0x000002ca       0x33 ./src/BL_program.o
 .ARM.attributes
                0x000002fd       0x33 ./src/ESP_program.o
 .ARM.attributes
                0x00000330       0x33 ./src/FPEC_program.o
 .ARM.attributes
                0x00000363       0x33 ./src/GPIO_program.o
 .ARM.attributes
                0x00000396       0x33 ./src/RCC_program.o
 .ARM.attributes
                0x000003c9       0x33 ./src/STK_program.o
 .ARM.attributes
                0x000003fc       0x33 ./src/UART_program.o
 .ARM.attributes
                0x0000042f       0x33 ./src/_initialize_hardware.o
 .ARM.attributes
                0x00000462       0x33 ./src/main.o
 .ARM.attributes
                0x00000495       0x33 ./src/stm32f4xx_hal_msp.o
 .ARM.attributes
                0x000004c8       0x2e c:/users/thinkpad/desktop/courses/arm cource/tools/03- imt sdk/03- imt sdk/imt_sdk_win_64/imt_sdk_win_64/winarm/armgcc/bin/../lib/gcc/arm-none-eabi/7.2.1/../../../../arm-none-eabi/lib/thumb/v7e-m\libg_nano.a(lib_a-errno.o)
 .ARM.attributes
                0x000004f6       0x2e c:/users/thinkpad/desktop/courses/arm cource/tools/03- imt sdk/03- imt sdk/imt_sdk_win_64/imt_sdk_win_64/winarm/armgcc/bin/../lib/gcc/arm-none-eabi/7.2.1/../../../../arm-none-eabi/lib/thumb/v7e-m\libg_nano.a(lib_a-impure.o)
 .ARM.attributes
                0x00000524       0x2e c:/users/thinkpad/desktop/courses/arm cource/tools/03- imt sdk/03- imt sdk/imt_sdk_win_64/imt_sdk_win_64/winarm/armgcc/bin/../lib/gcc/arm-none-eabi/7.2.1/../../../../arm-none-eabi/lib/thumb/v7e-m\libg_nano.a(lib_a-memset.o)
 .ARM.attributes
                0x00000552       0x17 c:/users/thinkpad/desktop/courses/arm cource/tools/03- imt sdk/03- imt sdk/imt_sdk_win_64/imt_sdk_win_64/winarm/armgcc/bin/../lib/gcc/arm-none-eabi/7.2.1/../../../../arm-none-eabi/lib/thumb/v7e-m\libg_nano.a(lib_a-strlen.o)
 .ARM.attributes
                0x00000569       0x2e c:/users/thinkpad/desktop/courses/arm cource/tools/03- imt sdk/03- imt sdk/imt_sdk_win_64/imt_sdk_win_64/winarm/armgcc/bin/../lib/gcc/arm-none-eabi/7.2.1/../../../../arm-none-eabi/lib/thumb/v7e-m\libg_nano.a(lib_a-vsnprintf.o)
 .ARM.attributes
                0x00000597       0x2e c:/users/thinkpad/desktop/courses/arm cource/tools/03- imt sdk/03- imt sdk/imt_sdk_win_64/imt_sdk_win_64/winarm/armgcc/bin/../lib/gcc/arm-none-eabi/7.2.1/../../../../arm-none-eabi/lib/thumb/v7e-m\libg_nano.a(lib_a-nano-svfprintf.o)
 .ARM.attributes
                0x000005c5       0x2e c:/users/thinkpad/desktop/courses/arm cource/tools/03- imt sdk/03- imt sdk/imt_sdk_win_64/imt_sdk_win_64/winarm/armgcc/bin/../lib/gcc/arm-none-eabi/7.2.1/../../../../arm-none-eabi/lib/thumb/v7e-m\libg_nano.a(lib_a-nano-vfprintf_i.o)
 .ARM.attributes
                0x000005f3       0x1c c:/users/thinkpad/desktop/courses/arm cource/tools/03- imt sdk/03- imt sdk/imt_sdk_win_64/imt_sdk_win_64/winarm/armgcc/bin/../lib/gcc/arm-none-eabi/7.2.1/../../../../arm-none-eabi/lib/thumb/v7e-m\libg_nano.a(lib_a-memchr.o)
 .ARM.attributes
                0x0000060f       0x2e c:/users/thinkpad/desktop/courses/arm cource/tools/03- imt sdk/03- imt sdk/imt_sdk_win_64/imt_sdk_win_64/winarm/armgcc/bin/../lib/gcc/arm-none-eabi/7.2.1/../../../../arm-none-eabi/lib/thumb/v7e-m\libg_nano.a(lib_a-memcpy-stub.o)
 .ARM.attributes
                0x0000063d       0x2e c:/users/thinkpad/desktop/courses/arm cource/tools/03- imt sdk/03- imt sdk/imt_sdk_win_64/imt_sdk_win_64/winarm/armgcc/bin/../lib/gcc/arm-none-eabi/7.2.1/../../../../arm-none-eabi/lib/thumb/v7e-m\libg_nano.a(lib_a-memmove.o)
 .ARM.attributes
                0x0000066b       0x2e c:/users/thinkpad/desktop/courses/arm cource/tools/03- imt sdk/03- imt sdk/imt_sdk_win_64/imt_sdk_win_64/winarm/armgcc/bin/../lib/gcc/arm-none-eabi/7.2.1/../../../../arm-none-eabi/lib/thumb/v7e-m\libg_nano.a(lib_a-nano-freer.o)
 .ARM.attributes
                0x00000699       0x2e c:/users/thinkpad/desktop/courses/arm cource/tools/03- imt sdk/03- imt sdk/imt_sdk_win_64/imt_sdk_win_64/winarm/armgcc/bin/../lib/gcc/arm-none-eabi/7.2.1/../../../../arm-none-eabi/lib/thumb/v7e-m\libg_nano.a(lib_a-nano-mallocr.o)
 .ARM.attributes
                0x000006c7       0x2e c:/users/thinkpad/desktop/courses/arm cource/tools/03- imt sdk/03- imt sdk/imt_sdk_win_64/imt_sdk_win_64/winarm/armgcc/bin/../lib/gcc/arm-none-eabi/7.2.1/../../../../arm-none-eabi/lib/thumb/v7e-m\libg_nano.a(lib_a-nano-reallocr.o)
 .ARM.attributes
                0x000006f5       0x2e c:/users/thinkpad/desktop/courses/arm cource/tools/03- imt sdk/03- imt sdk/imt_sdk_win_64/imt_sdk_win_64/winarm/armgcc/bin/../lib/gcc/arm-none-eabi/7.2.1/../../../../arm-none-eabi/lib/thumb/v7e-m\libg_nano.a(lib_a-sbrkr.o)
 .ARM.attributes
                0x00000723       0x2e c:/users/thinkpad/desktop/courses/arm cource/tools/03- imt sdk/03- imt sdk/imt_sdk_win_64/imt_sdk_win_64/winarm/armgcc/bin/../lib/gcc/arm-none-eabi/7.2.1/../../../../arm-none-eabi/lib/thumb/v7e-m\libg_nano.a(lib_a-mlock.o)
 .ARM.attributes
                0x00000751       0x2e c:/users/thinkpad/desktop/courses/arm cource/tools/03- imt sdk/03- imt sdk/imt_sdk_win_64/imt_sdk_win_64/winarm/armgcc/bin/../lib/gcc/arm-none-eabi/7.2.1/../../../../arm-none-eabi/lib/thumb/v7e-m\libg_nano.a(lib_a-nano-msizer.o)

.debug
 *(.debug)

.line
 *(.line)

.debug_srcinfo
 *(.debug_srcinfo)

.debug_sfnames
 *(.debug_sfnames)

.debug_aranges  0x00000000      0x6b8
 *(.debug_aranges)
 .debug_aranges
                0x00000000       0xc0 ./system/src/stm32f4-hal/stm32f4xx_hal.o
 .debug_aranges
                0x000000c0       0x98 ./system/src/stm32f4-hal/stm32f4xx_hal_cortex.o
 .debug_aranges
                0x00000158       0x88 ./system/src/stm32f4-hal/stm32f4xx_hal_rcc.o
 .debug_aranges
                0x000001e0       0x28 ./system/src/newlib/_exit.o
 .debug_aranges
                0x00000208       0x20 ./system/src/newlib/_sbrk.o
 .debug_aranges
                0x00000228       0x40 ./system/src/newlib/_startup.o
 .debug_aranges
                0x00000268       0x30 ./system/src/newlib/_syscalls.o
 .debug_aranges
                0x00000298       0x28 ./system/src/newlib/assert.o
 .debug_aranges
                0x000002c0       0x38 ./system/src/diag/Trace.o
 .debug_aranges
                0x000002f8       0x30 ./system/src/diag/trace_impl.o
 .debug_aranges
                0x00000328       0x28 ./system/src/cortexm/_initialize_hardware.o
 .debug_aranges
                0x00000350       0x90 ./system/src/cortexm/exception_handlers.o
 .debug_aranges
                0x000003e0       0x28 ./system/src/cmsis/system_stm32f4xx.o
 .debug_aranges
                0x00000408       0x20 ./system/src/cmsis/vectors_stm32f401xc.o
 .debug_aranges
                0x00000428       0x40 ./src/BL_program.o
 .debug_aranges
                0x00000468       0x50 ./src/ESP_program.o
 .debug_aranges
                0x000004b8       0x30 ./src/FPEC_program.o
 .debug_aranges
                0x000004e8       0x40 ./src/GPIO_program.o
 .debug_aranges
                0x00000528       0x40 ./src/RCC_program.o
 .debug_aranges
                0x00000568       0x70 ./src/STK_program.o
 .debug_aranges
                0x000005d8       0x50 ./src/UART_program.o
 .debug_aranges
                0x00000628       0x28 ./src/_initialize_hardware.o
 .debug_aranges
                0x00000650       0x30 ./src/main.o
 .debug_aranges
                0x00000680       0x38 ./src/stm32f4xx_hal_msp.o

.debug_pubnames
 *(.debug_pubnames)

.debug_info     0x00000000     0xda83
 *(.debug_info .gnu.linkonce.wi.*)
 .debug_info    0x00000000     0x107e ./system/src/stm32f4-hal/stm32f4xx_hal.o
 .debug_info    0x0000107e     0x1863 ./system/src/stm32f4-hal/stm32f4xx_hal_cortex.o
 .debug_info    0x000028e1     0x177e ./system/src/stm32f4-hal/stm32f4xx_hal_rcc.o
 .debug_info    0x0000405f      0x956 ./system/src/newlib/_exit.o
 .debug_info    0x000049b5      0x942 ./system/src/newlib/_sbrk.o
 .debug_info    0x000052f7      0x4bf ./system/src/newlib/_startup.o
 .debug_info    0x000057b6      0xa19 ./system/src/newlib/_syscalls.o
 .debug_info    0x000061cf      0x9ff ./system/src/newlib/assert.o
 .debug_info    0x00006bce      0xb2a ./system/src/diag/Trace.o
 .debug_info    0x000076f8      0xb6b ./system/src/diag/trace_impl.o
 .debug_info    0x00008263      0xade ./system/src/cortexm/_initialize_hardware.o
 .debug_info    0x00008d41     0x115a ./system/src/cortexm/exception_handlers.o
 .debug_info    0x00009e9b      0xcfe ./system/src/cmsis/system_stm32f4xx.o
 .debug_info    0x0000ab99       0xca ./system/src/cmsis/vectors_stm32f401xc.o
 .debug_info    0x0000ac63      0x2f7 ./src/BL_program.o
 .debug_info    0x0000af5a      0x7c5 ./src/ESP_program.o
 .debug_info    0x0000b71f      0x18b ./src/FPEC_program.o
 .debug_info    0x0000b8aa      0x1b6 ./src/GPIO_program.o
 .debug_info    0x0000ba60      0x113 ./src/RCC_program.o
 .debug_info    0x0000bb73      0x23b ./src/STK_program.o
 .debug_info    0x0000bdae      0x2c9 ./src/UART_program.o
 .debug_info    0x0000c077      0xd34 ./src/_initialize_hardware.o
 .debug_info    0x0000cdab      0x3c9 ./src/main.o
 .debug_info    0x0000d174      0x90f ./src/stm32f4xx_hal_msp.o

.debug_abbrev   0x00000000     0x2dba
 *(.debug_abbrev)
 .debug_abbrev  0x00000000      0x32b ./system/src/stm32f4-hal/stm32f4xx_hal.o
 .debug_abbrev  0x0000032b      0x3f1 ./system/src/stm32f4-hal/stm32f4xx_hal_cortex.o
 .debug_abbrev  0x0000071c      0x394 ./system/src/stm32f4-hal/stm32f4xx_hal_rcc.o
 .debug_abbrev  0x00000ab0      0x1f3 ./system/src/newlib/_exit.o
 .debug_abbrev  0x00000ca3      0x1fc ./system/src/newlib/_sbrk.o
 .debug_abbrev  0x00000e9f      0x1cb ./system/src/newlib/_startup.o
 .debug_abbrev  0x0000106a      0x234 ./system/src/newlib/_syscalls.o
 .debug_abbrev  0x0000129e      0x1f3 ./system/src/newlib/assert.o
 .debug_abbrev  0x00001491      0x276 ./system/src/diag/Trace.o
 .debug_abbrev  0x00001707      0x2ef ./system/src/diag/trace_impl.o
 .debug_abbrev  0x000019f6      0x1de ./system/src/cortexm/_initialize_hardware.o
 .debug_abbrev  0x00001bd4      0x32b ./system/src/cortexm/exception_handlers.o
 .debug_abbrev  0x00001eff      0x216 ./system/src/cmsis/system_stm32f4xx.o
 .debug_abbrev  0x00002115       0x9d ./system/src/cmsis/vectors_stm32f401xc.o
 .debug_abbrev  0x000021b2      0x128 ./src/BL_program.o
 .debug_abbrev  0x000022da      0x12d ./src/ESP_program.o
 .debug_abbrev  0x00002407       0xf8 ./src/FPEC_program.o
 .debug_abbrev  0x000024ff       0x8a ./src/GPIO_program.o
 .debug_abbrev  0x00002589       0xa0 ./src/RCC_program.o
 .debug_abbrev  0x00002629      0x11e ./src/STK_program.o
 .debug_abbrev  0x00002747      0x143 ./src/UART_program.o
 .debug_abbrev  0x0000288a      0x22d ./src/_initialize_hardware.o
 .debug_abbrev  0x00002ab7      0x152 ./src/main.o
 .debug_abbrev  0x00002c09      0x1b1 ./src/stm32f4xx_hal_msp.o

.debug_line     0x00000000     0x9658
 *(.debug_line)
 .debug_line    0x00000000      0xc90 ./system/src/stm32f4-hal/stm32f4xx_hal.o
 .debug_line    0x00000c90      0xd87 ./system/src/stm32f4-hal/stm32f4xx_hal_cortex.o
 .debug_line    0x00001a17      0xf12 ./system/src/stm32f4-hal/stm32f4xx_hal_rcc.o
 .debug_line    0x00002929      0x453 ./system/src/newlib/_exit.o
 .debug_line    0x00002d7c      0x407 ./system/src/newlib/_sbrk.o
 .debug_line    0x00003183      0x4cf ./system/src/newlib/_startup.o
 .debug_line    0x00003652      0x55e ./system/src/newlib/_syscalls.o
 .debug_line    0x00003bb0      0x48e ./system/src/newlib/assert.o
 .debug_line    0x0000403e      0x4cf ./system/src/diag/Trace.o
 .debug_line    0x0000450d      0xbc3 ./system/src/diag/trace_impl.o
 .debug_line    0x000050d0      0xb2c ./system/src/cortexm/_initialize_hardware.o
 .debug_line    0x00005bfc      0xc7a ./system/src/cortexm/exception_handlers.o
 .debug_line    0x00006876      0xb32 ./system/src/cmsis/system_stm32f4xx.o
 .debug_line    0x000073a8      0x143 ./system/src/cmsis/vectors_stm32f401xc.o
 .debug_line    0x000074eb      0x140 ./src/BL_program.o
 .debug_line    0x0000762b      0x285 ./src/ESP_program.o
 .debug_line    0x000078b0      0x11b ./src/FPEC_program.o
 .debug_line    0x000079cb      0x117 ./src/GPIO_program.o
 .debug_line    0x00007ae2      0x116 ./src/RCC_program.o
 .debug_line    0x00007bf8      0x178 ./src/STK_program.o
 .debug_line    0x00007d70      0x15f ./src/UART_program.o
 .debug_line    0x00007ecf      0xb25 ./src/_initialize_hardware.o
 .debug_line    0x000089f4      0x13e ./src/main.o
 .debug_line    0x00008b32      0xb26 ./src/stm32f4xx_hal_msp.o

.debug_frame    0x00000000     0x10a4
 *(.debug_frame)
 .debug_frame   0x00000000      0x188 ./system/src/stm32f4-hal/stm32f4xx_hal.o
 .debug_frame   0x00000188      0x17c ./system/src/stm32f4-hal/stm32f4xx_hal_cortex.o
 .debug_frame   0x00000304      0x140 ./system/src/stm32f4-hal/stm32f4xx_hal_rcc.o
 .debug_frame   0x00000444       0x38 ./system/src/newlib/_exit.o
 .debug_frame   0x0000047c       0x28 ./system/src/newlib/_sbrk.o
 .debug_frame   0x000004a4       0x7c ./system/src/newlib/_startup.o
 .debug_frame   0x00000520       0x50 ./system/src/newlib/_syscalls.o
 .debug_frame   0x00000570       0x40 ./system/src/newlib/assert.o
 .debug_frame   0x000005b0       0x94 ./system/src/diag/Trace.o
 .debug_frame   0x00000644       0x64 ./system/src/diag/trace_impl.o
 .debug_frame   0x000006a8       0x40 ./system/src/cortexm/_initialize_hardware.o
 .debug_frame   0x000006e8      0x158 ./system/src/cortexm/exception_handlers.o
 .debug_frame   0x00000840       0x30 ./system/src/cmsis/system_stm32f4xx.o
 .debug_frame   0x00000870       0x20 ./system/src/cmsis/vectors_stm32f401xc.o
 .debug_frame   0x00000890       0x90 ./src/BL_program.o
 .debug_frame   0x00000920       0xf0 ./src/ESP_program.o
 .debug_frame   0x00000a10       0x54 ./src/FPEC_program.o
 .debug_frame   0x00000a64       0x90 ./src/GPIO_program.o
 .debug_frame   0x00000af4       0x60 ./src/RCC_program.o
 .debug_frame   0x00000b54       0xd4 ./src/STK_program.o
 .debug_frame   0x00000c28       0x94 ./src/UART_program.o
 .debug_frame   0x00000cbc       0x4c ./src/_initialize_hardware.o
 .debug_frame   0x00000d08       0x64 ./src/main.o
 .debug_frame   0x00000d6c       0x50 ./src/stm32f4xx_hal_msp.o
 .debug_frame   0x00000dbc       0x20 c:/users/thinkpad/desktop/courses/arm cource/tools/03- imt sdk/03- imt sdk/imt_sdk_win_64/imt_sdk_win_64/winarm/armgcc/bin/../lib/gcc/arm-none-eabi/7.2.1/../../../../arm-none-eabi/lib/thumb/v7e-m\libg_nano.a(lib_a-errno.o)
 .debug_frame   0x00000ddc       0x20 c:/users/thinkpad/desktop/courses/arm cource/tools/03- imt sdk/03- imt sdk/imt_sdk_win_64/imt_sdk_win_64/winarm/armgcc/bin/../lib/gcc/arm-none-eabi/7.2.1/../../../../arm-none-eabi/lib/thumb/v7e-m\libg_nano.a(lib_a-memset.o)
 .debug_frame   0x00000dfc       0x4c c:/users/thinkpad/desktop/courses/arm cource/tools/03- imt sdk/03- imt sdk/imt_sdk_win_64/imt_sdk_win_64/winarm/armgcc/bin/../lib/gcc/arm-none-eabi/7.2.1/../../../../arm-none-eabi/lib/thumb/v7e-m\libg_nano.a(lib_a-vsnprintf.o)
 .debug_frame   0x00000e48       0x90 c:/users/thinkpad/desktop/courses/arm cource/tools/03- imt sdk/03- imt sdk/imt_sdk_win_64/imt_sdk_win_64/winarm/armgcc/bin/../lib/gcc/arm-none-eabi/7.2.1/../../../../arm-none-eabi/lib/thumb/v7e-m\libg_nano.a(lib_a-nano-svfprintf.o)
 .debug_frame   0x00000ed8       0x60 c:/users/thinkpad/desktop/courses/arm cource/tools/03- imt sdk/03- imt sdk/imt_sdk_win_64/imt_sdk_win_64/winarm/armgcc/bin/../lib/gcc/arm-none-eabi/7.2.1/../../../../arm-none-eabi/lib/thumb/v7e-m\libg_nano.a(lib_a-nano-vfprintf_i.o)
 .debug_frame   0x00000f38       0x28 c:/users/thinkpad/desktop/courses/arm cource/tools/03- imt sdk/03- imt sdk/imt_sdk_win_64/imt_sdk_win_64/winarm/armgcc/bin/../lib/gcc/arm-none-eabi/7.2.1/../../../../arm-none-eabi/lib/thumb/v7e-m\libg_nano.a(lib_a-memcpy-stub.o)
 .debug_frame   0x00000f60       0x28 c:/users/thinkpad/desktop/courses/arm cource/tools/03- imt sdk/03- imt sdk/imt_sdk_win_64/imt_sdk_win_64/winarm/armgcc/bin/../lib/gcc/arm-none-eabi/7.2.1/../../../../arm-none-eabi/lib/thumb/v7e-m\libg_nano.a(lib_a-memmove.o)
 .debug_frame   0x00000f88       0x38 c:/users/thinkpad/desktop/courses/arm cource/tools/03- imt sdk/03- imt sdk/imt_sdk_win_64/imt_sdk_win_64/winarm/armgcc/bin/../lib/gcc/arm-none-eabi/7.2.1/../../../../arm-none-eabi/lib/thumb/v7e-m\libg_nano.a(lib_a-nano-freer.o)
 .debug_frame   0x00000fc0       0x2c c:/users/thinkpad/desktop/courses/arm cource/tools/03- imt sdk/03- imt sdk/imt_sdk_win_64/imt_sdk_win_64/winarm/armgcc/bin/../lib/gcc/arm-none-eabi/7.2.1/../../../../arm-none-eabi/lib/thumb/v7e-m\libg_nano.a(lib_a-nano-mallocr.o)
 .debug_frame   0x00000fec       0x3c c:/users/thinkpad/desktop/courses/arm cource/tools/03- imt sdk/03- imt sdk/imt_sdk_win_64/imt_sdk_win_64/winarm/armgcc/bin/../lib/gcc/arm-none-eabi/7.2.1/../../../../arm-none-eabi/lib/thumb/v7e-m\libg_nano.a(lib_a-nano-reallocr.o)
 .debug_frame   0x00001028       0x2c c:/users/thinkpad/desktop/courses/arm cource/tools/03- imt sdk/03- imt sdk/imt_sdk_win_64/imt_sdk_win_64/winarm/armgcc/bin/../lib/gcc/arm-none-eabi/7.2.1/../../../../arm-none-eabi/lib/thumb/v7e-m\libg_nano.a(lib_a-sbrkr.o)
 .debug_frame   0x00001054       0x30 c:/users/thinkpad/desktop/courses/arm cource/tools/03- imt sdk/03- imt sdk/imt_sdk_win_64/imt_sdk_win_64/winarm/armgcc/bin/../lib/gcc/arm-none-eabi/7.2.1/../../../../arm-none-eabi/lib/thumb/v7e-m\libg_nano.a(lib_a-mlock.o)
 .debug_frame   0x00001084       0x20 c:/users/thinkpad/desktop/courses/arm cource/tools/03- imt sdk/03- imt sdk/imt_sdk_win_64/imt_sdk_win_64/winarm/armgcc/bin/../lib/gcc/arm-none-eabi/7.2.1/../../../../arm-none-eabi/lib/thumb/v7e-m\libg_nano.a(lib_a-nano-msizer.o)

.debug_str      0x00000000    0x74e0c
 *(.debug_str)
 .debug_str     0x00000000    0x6fc6c ./system/src/stm32f4-hal/stm32f4xx_hal.o
                              0x700a0 (size before relaxing)
 .debug_str     0x0006fc6c      0x396 ./system/src/stm32f4-hal/stm32f4xx_hal_cortex.o
                              0x6ff0a (size before relaxing)
 .debug_str     0x00070002      0x3fa ./system/src/stm32f4-hal/stm32f4xx_hal_rcc.o
                              0x6fc22 (size before relaxing)
 .debug_str     0x000703fc     0x10ff ./system/src/newlib/_exit.o
                               0x7f01 (size before relaxing)
 .debug_str     0x000714fb      0x4f5 ./system/src/newlib/_sbrk.o
                               0x72b3 (size before relaxing)
 .debug_str     0x000719f0      0x2c1 ./system/src/newlib/_startup.o
                               0x6a54 (size before relaxing)
 .debug_str     0x00071cb1      0xe8b ./system/src/newlib/_syscalls.o
                               0x818e (size before relaxing)
 .debug_str     0x00072b3c       0xd0 ./system/src/newlib/assert.o
                               0x8a06 (size before relaxing)
 .debug_str     0x00072c0c      0x176 ./system/src/diag/Trace.o
                               0x8679 (size before relaxing)
 .debug_str     0x00072d82      0x37b ./system/src/diag/trace_impl.o
                              0x7099f (size before relaxing)
 .debug_str     0x000730fd       0x5e ./system/src/cortexm/_initialize_hardware.o
                              0x6f731 (size before relaxing)
 .debug_str     0x0007315b      0x19d ./system/src/cortexm/exception_handlers.o
                              0x70b29 (size before relaxing)
 .debug_str     0x000732f8       0x46 ./system/src/cmsis/system_stm32f4xx.o
                              0x6f812 (size before relaxing)
 .debug_str     0x0007333e       0x59 ./system/src/cmsis/vectors_stm32f401xc.o
                               0x3891 (size before relaxing)
 .debug_str     0x00073397      0x1ef ./src/BL_program.o
                               0x2f82 (size before relaxing)
 .debug_str     0x00073586      0x1e6 ./src/ESP_program.o
                               0x3048 (size before relaxing)
 .debug_str     0x0007376c      0x103 ./src/FPEC_program.o
                               0x2f96 (size before relaxing)
 .debug_str     0x0007386f      0xae5 ./src/GPIO_program.o
                               0x3930 (size before relaxing)
 .debug_str     0x00074354      0x5b0 ./src/RCC_program.o
                               0x33fb (size before relaxing)
 .debug_str     0x00074904      0x271 ./src/STK_program.o
                               0x30ed (size before relaxing)
 .debug_str     0x00074b75      0x160 ./src/UART_program.o
                               0x325a (size before relaxing)
 .debug_str     0x00074cd5       0x31 ./src/_initialize_hardware.o
                              0x6f928 (size before relaxing)
 .debug_str     0x00074d06       0xc9 ./src/main.o
                               0x3323 (size before relaxing)
 .debug_str     0x00074dcf       0x3d ./src/stm32f4xx_hal_msp.o
                              0x6f679 (size before relaxing)

.debug_loc      0x00000000     0x22e9
 *(.debug_loc)
 .debug_loc     0x00000000       0x92 ./system/src/stm32f4-hal/stm32f4xx_hal.o
 .debug_loc     0x00000092      0x73b ./system/src/stm32f4-hal/stm32f4xx_hal_cortex.o
 .debug_loc     0x000007cd      0x50a ./system/src/stm32f4-hal/stm32f4xx_hal_rcc.o
 .debug_loc     0x00000cd7       0x85 ./system/src/newlib/_sbrk.o
 .debug_loc     0x00000d5c      0x2cb ./system/src/newlib/_startup.o
 .debug_loc     0x00001027       0x63 ./system/src/newlib/_syscalls.o
 .debug_loc     0x0000108a      0x134 ./system/src/newlib/assert.o
 .debug_loc     0x000011be       0xf6 ./system/src/diag/Trace.o
 .debug_loc     0x000012b4      0x121 ./system/src/diag/trace_impl.o
 .debug_loc     0x000013d5      0x291 ./system/src/cortexm/exception_handlers.o
 .debug_loc     0x00001666      0x13e ./system/src/cmsis/system_stm32f4xx.o
 .debug_loc     0x000017a4      0x152 ./src/BL_program.o
 .debug_loc     0x000018f6      0x479 ./src/ESP_program.o
 .debug_loc     0x00001d6f       0x9e ./src/FPEC_program.o
 .debug_loc     0x00001e0d      0x1cc ./src/GPIO_program.o
 .debug_loc     0x00001fd9       0xa6 ./src/RCC_program.o
 .debug_loc     0x0000207f       0x37 ./src/STK_program.o
 .debug_loc     0x000020b6      0x13f ./src/UART_program.o
 .debug_loc     0x000021f5       0xf4 ./src/main.o

.debug_macinfo
 *(.debug_macinfo)

.debug_weaknames
 *(.debug_weaknames)

.debug_funcnames
 *(.debug_funcnames)

.debug_typenames
 *(.debug_typenames)

.debug_varnames
 *(.debug_varnames)
OUTPUT(project_8.elf elf32-littlearm)

.debug_ranges   0x00000000      0x628
 .debug_ranges  0x00000000       0xb0 ./system/src/stm32f4-hal/stm32f4xx_hal.o
 .debug_ranges  0x000000b0       0xe8 ./system/src/stm32f4-hal/stm32f4xx_hal_cortex.o
 .debug_ranges  0x00000198       0x78 ./system/src/stm32f4-hal/stm32f4xx_hal_rcc.o
 .debug_ranges  0x00000210       0x18 ./system/src/newlib/_exit.o
 .debug_ranges  0x00000228       0x10 ./system/src/newlib/_sbrk.o
 .debug_ranges  0x00000238       0x90 ./system/src/newlib/_startup.o
 .debug_ranges  0x000002c8       0x20 ./system/src/newlib/_syscalls.o
 .debug_ranges  0x000002e8       0x18 ./system/src/newlib/assert.o
 .debug_ranges  0x00000300       0x28 ./system/src/diag/Trace.o
 .debug_ranges  0x00000328       0x50 ./system/src/diag/trace_impl.o
 .debug_ranges  0x00000378       0x18 ./system/src/cortexm/_initialize_hardware.o
 .debug_ranges  0x00000390       0x80 ./system/src/cortexm/exception_handlers.o
 .debug_ranges  0x00000410       0x18 ./system/src/cmsis/system_stm32f4xx.o
 .debug_ranges  0x00000428       0x10 ./system/src/cmsis/vectors_stm32f401xc.o
 .debug_ranges  0x00000438       0x30 ./src/BL_program.o
 .debug_ranges  0x00000468       0x40 ./src/ESP_program.o
 .debug_ranges  0x000004a8       0x20 ./src/FPEC_program.o
 .debug_ranges  0x000004c8       0x30 ./src/GPIO_program.o
 .debug_ranges  0x000004f8       0x30 ./src/RCC_program.o
 .debug_ranges  0x00000528       0x60 ./src/STK_program.o
 .debug_ranges  0x00000588       0x40 ./src/UART_program.o
 .debug_ranges  0x000005c8       0x18 ./src/_initialize_hardware.o
 .debug_ranges  0x000005e0       0x20 ./src/main.o
 .debug_ranges  0x00000600       0x28 ./src/stm32f4xx_hal_msp.o

.debug_macro    0x00000000    0x155c5
 .debug_macro   0x00000000      0x532 ./system/src/stm32f4-hal/stm32f4xx_hal.o
 .debug_macro   0x00000532      0xa6c ./system/src/stm32f4-hal/stm32f4xx_hal.o
 .debug_macro   0x00000f9e      0x289 ./system/src/stm32f4-hal/stm32f4xx_hal.o
 .debug_macro   0x00001227       0x31 ./system/src/stm32f4-hal/stm32f4xx_hal.o
 .debug_macro   0x00001258       0x28 ./system/src/stm32f4-hal/stm32f4xx_hal.o
 .debug_macro   0x00001280      0x34e ./system/src/stm32f4-hal/stm32f4xx_hal.o
 .debug_macro   0x000015ce       0x35 ./system/src/stm32f4-hal/stm32f4xx_hal.o
 .debug_macro   0x00001603       0x50 ./system/src/stm32f4-hal/stm32f4xx_hal.o
 .debug_macro   0x00001653      0xe66 ./system/src/stm32f4-hal/stm32f4xx_hal.o
 .debug_macro   0x000024b9     0x5099 ./system/src/stm32f4-hal/stm32f4xx_hal.o
 .debug_macro   0x00007552       0x43 ./system/src/stm32f4-hal/stm32f4xx_hal.o
 .debug_macro   0x00007595     0x347f ./system/src/stm32f4-hal/stm32f4xx_hal.o
 .debug_macro   0x0000aa14       0x22 ./system/src/stm32f4-hal/stm32f4xx_hal.o
 .debug_macro   0x0000aa36       0x52 ./system/src/stm32f4-hal/stm32f4xx_hal.o
 .debug_macro   0x0000aa88       0x17 ./system/src/stm32f4-hal/stm32f4xx_hal.o
 .debug_macro   0x0000aa9f       0x8d ./system/src/stm32f4-hal/stm32f4xx_hal.o
 .debug_macro   0x0000ab2c       0x35 ./system/src/stm32f4-hal/stm32f4xx_hal.o
 .debug_macro   0x0000ab61       0x9c ./system/src/stm32f4-hal/stm32f4xx_hal.o
 .debug_macro   0x0000abfd       0x16 ./system/src/stm32f4-hal/stm32f4xx_hal.o
 .debug_macro   0x0000ac13       0x57 ./system/src/stm32f4-hal/stm32f4xx_hal.o
 .debug_macro   0x0000ac6a       0x97 ./system/src/stm32f4-hal/stm32f4xx_hal.o
 .debug_macro   0x0000ad01      0x330 ./system/src/stm32f4-hal/stm32f4xx_hal.o
 .debug_macro   0x0000b031       0xfd ./system/src/stm32f4-hal/stm32f4xx_hal.o
 .debug_macro   0x0000b12e       0x10 ./system/src/stm32f4-hal/stm32f4xx_hal.o
 .debug_macro   0x0000b13e       0x58 ./system/src/stm32f4-hal/stm32f4xx_hal.o
 .debug_macro   0x0000b196       0x1f ./system/src/stm32f4-hal/stm32f4xx_hal.o
 .debug_macro   0x0000b1b5       0x43 ./system/src/stm32f4-hal/stm32f4xx_hal.o
 .debug_macro   0x0000b1f8       0x20 ./system/src/stm32f4-hal/stm32f4xx_hal.o
 .debug_macro   0x0000b218      0x18e ./system/src/stm32f4-hal/stm32f4xx_hal.o
 .debug_macro   0x0000b3a6       0x10 ./system/src/stm32f4-hal/stm32f4xx_hal.o
 .debug_macro   0x0000b3b6       0x6a ./system/src/stm32f4-hal/stm32f4xx_hal.o
 .debug_macro   0x0000b420       0x1c ./system/src/stm32f4-hal/stm32f4xx_hal.o
 .debug_macro   0x0000b43c       0x52 ./system/src/stm32f4-hal/stm32f4xx_hal.o
 .debug_macro   0x0000b48e       0x40 ./system/src/stm32f4-hal/stm32f4xx_hal.o
 .debug_macro   0x0000b4ce       0x10 ./system/src/stm32f4-hal/stm32f4xx_hal.o
 .debug_macro   0x0000b4de       0x40 ./system/src/stm32f4-hal/stm32f4xx_hal.o
 .debug_macro   0x0000b51e       0xd7 ./system/src/stm32f4-hal/stm32f4xx_hal.o
 .debug_macro   0x0000b5f5       0x1c ./system/src/stm32f4-hal/stm32f4xx_hal.o
 .debug_macro   0x0000b611       0x3d ./system/src/stm32f4-hal/stm32f4xx_hal.o
 .debug_macro   0x0000b64e       0x16 ./system/src/stm32f4-hal/stm32f4xx_hal.o
 .debug_macro   0x0000b664      0x16f ./system/src/stm32f4-hal/stm32f4xx_hal.o
 .debug_macro   0x0000b7d3       0x57 ./system/src/stm32f4-hal/stm32f4xx_hal.o
 .debug_macro   0x0000b82a      0x424 ./system/src/stm32f4-hal/stm32f4xx_hal.o
 .debug_macro   0x0000bc4e      0x9e1 ./system/src/stm32f4-hal/stm32f4xx_hal.o
 .debug_macro   0x0000c62f      0x11e ./system/src/stm32f4-hal/stm32f4xx_hal.o
 .debug_macro   0x0000c74d       0xf8 ./system/src/stm32f4-hal/stm32f4xx_hal.o
 .debug_macro   0x0000c845       0x27 ./system/src/stm32f4-hal/stm32f4xx_hal.o
 .debug_macro   0x0000c86c      0x287 ./system/src/stm32f4-hal/stm32f4xx_hal.o
 .debug_macro   0x0000caf3       0x5f ./system/src/stm32f4-hal/stm32f4xx_hal.o
 .debug_macro   0x0000cb52      0x23a ./system/src/stm32f4-hal/stm32f4xx_hal.o
 .debug_macro   0x0000cd8c      0x391 ./system/src/stm32f4-hal/stm32f4xx_hal.o
 .debug_macro   0x0000d11d      0x16f ./system/src/stm32f4-hal/stm32f4xx_hal.o
 .debug_macro   0x0000d28c       0xf9 ./system/src/stm32f4-hal/stm32f4xx_hal.o
 .debug_macro   0x0000d385       0x23 ./system/src/stm32f4-hal/stm32f4xx_hal.o
 .debug_macro   0x0000d3a8      0x13a ./system/src/stm32f4-hal/stm32f4xx_hal.o
 .debug_macro   0x0000d4e2      0x23a ./system/src/stm32f4-hal/stm32f4xx_hal.o
 .debug_macro   0x0000d71c       0x2e ./system/src/stm32f4-hal/stm32f4xx_hal.o
 .debug_macro   0x0000d74a      0x1a7 ./system/src/stm32f4-hal/stm32f4xx_hal.o
 .debug_macro   0x0000d8f1       0x22 ./system/src/stm32f4-hal/stm32f4xx_hal.o
 .debug_macro   0x0000d913       0xa5 ./system/src/stm32f4-hal/stm32f4xx_hal.o
 .debug_macro   0x0000d9b8      0x18b ./system/src/stm32f4-hal/stm32f4xx_hal.o
 .debug_macro   0x0000db43       0x24 ./system/src/stm32f4-hal/stm32f4xx_hal.o
 .debug_macro   0x0000db67       0x35 ./system/src/stm32f4-hal/stm32f4xx_hal.o
 .debug_macro   0x0000db9c       0x79 ./system/src/stm32f4-hal/stm32f4xx_hal.o
 .debug_macro   0x0000dc15      0x11e ./system/src/stm32f4-hal/stm32f4xx_hal.o
 .debug_macro   0x0000dd33       0x85 ./system/src/stm32f4-hal/stm32f4xx_hal.o
 .debug_macro   0x0000ddb8       0x89 ./system/src/stm32f4-hal/stm32f4xx_hal.o
 .debug_macro   0x0000de41      0x31a ./system/src/stm32f4-hal/stm32f4xx_hal.o
 .debug_macro   0x0000e15b      0x409 ./system/src/stm32f4-hal/stm32f4xx_hal.o
 .debug_macro   0x0000e564       0xe4 ./system/src/stm32f4-hal/stm32f4xx_hal.o
 .debug_macro   0x0000e648      0x48d ./system/src/stm32f4-hal/stm32f4xx_hal.o
 .debug_macro   0x0000ead5      0x22b ./system/src/stm32f4-hal/stm32f4xx_hal.o
 .debug_macro   0x0000ed00      0x202 ./system/src/stm32f4-hal/stm32f4xx_hal.o
 .debug_macro   0x0000ef02      0x6d9 ./system/src/stm32f4-hal/stm32f4xx_hal.o
 .debug_macro   0x0000f5db       0x5b ./system/src/stm32f4-hal/stm32f4xx_hal.o
 .debug_macro   0x0000f636      0x14d ./system/src/stm32f4-hal/stm32f4xx_hal.o
 .debug_macro   0x0000f783      0x287 ./system/src/stm32f4-hal/stm32f4xx_hal.o
 .debug_macro   0x0000fa0a      0x225 ./system/src/stm32f4-hal/stm32f4xx_hal.o
 .debug_macro   0x0000fc2f      0x1b5 ./system/src/stm32f4-hal/stm32f4xx_hal.o
 .debug_macro   0x0000fde4      0x2db ./system/src/stm32f4-hal/stm32f4xx_hal.o
 .debug_macro   0x000100bf       0x89 ./system/src/stm32f4-hal/stm32f4xx_hal.o
 .debug_macro   0x00010148      0x1df ./system/src/stm32f4-hal/stm32f4xx_hal.o
 .debug_macro   0x00010327      0x115 ./system/src/stm32f4-hal/stm32f4xx_hal.o
 .debug_macro   0x0001043c       0x6e ./system/src/stm32f4-hal/stm32f4xx_hal.o
 .debug_macro   0x000104aa      0x11e ./system/src/stm32f4-hal/stm32f4xx_hal.o
 .debug_macro   0x000105c8      0x4e4 ./system/src/stm32f4-hal/stm32f4xx_hal_cortex.o
 .debug_macro   0x00010aac      0x50e ./system/src/stm32f4-hal/stm32f4xx_hal_rcc.o
 .debug_macro   0x00010fba      0x1b4 ./system/src/newlib/_exit.o
 .debug_macro   0x0001116e      0x10e ./system/src/newlib/_exit.o
 .debug_macro   0x0001127c       0x8d ./system/src/newlib/_exit.o
 .debug_macro   0x00011309       0x35 ./system/src/newlib/_exit.o
 .debug_macro   0x0001133e      0x169 ./system/src/newlib/_sbrk.o
 .debug_macro   0x000114a7      0x174 ./system/src/newlib/_sbrk.o
 .debug_macro   0x0001161b       0x10 ./system/src/newlib/_sbrk.o
 .debug_macro   0x0001162b      0x23b ./system/src/newlib/_sbrk.o
 .debug_macro   0x00011866      0x173 ./system/src/newlib/_startup.o
 .debug_macro   0x000119d9      0xa72 ./system/src/newlib/_startup.o
 .debug_macro   0x0001244b      0x217 ./system/src/newlib/_syscalls.o
 .debug_macro   0x00012662       0x1c ./system/src/newlib/_syscalls.o
 .debug_macro   0x0001267e       0x10 ./system/src/newlib/_syscalls.o
 .debug_macro   0x0001268e       0x10 ./system/src/newlib/_syscalls.o
 .debug_macro   0x0001269e       0x10 ./system/src/newlib/_syscalls.o
 .debug_macro   0x000126ae       0x35 ./system/src/newlib/_syscalls.o
 .debug_macro   0x000126e3      0x122 ./system/src/newlib/_syscalls.o
 .debug_macro   0x00012805       0x88 ./system/src/newlib/_syscalls.o
 .debug_macro   0x0001288d       0x2b ./system/src/newlib/_syscalls.o
 .debug_macro   0x000128b8      0x118 ./system/src/newlib/_syscalls.o
 .debug_macro   0x000129d0      0x189 ./system/src/newlib/_syscalls.o
 .debug_macro   0x00012b59       0x16 ./system/src/newlib/_syscalls.o
 .debug_macro   0x00012b6f      0x1d0 ./system/src/newlib/assert.o
 .debug_macro   0x00012d3f       0x1c ./system/src/newlib/assert.o
 .debug_macro   0x00012d5b      0x1fb ./system/src/diag/Trace.o
 .debug_macro   0x00012f56       0x4c ./system/src/diag/Trace.o
 .debug_macro   0x00012fa2       0x16 ./system/src/diag/Trace.o
 .debug_macro   0x00012fb8      0x52a ./system/src/diag/trace_impl.o
 .debug_macro   0x000134e2       0x22 ./system/src/diag/trace_impl.o
 .debug_macro   0x00013504      0x4ee ./system/src/cortexm/_initialize_hardware.o
 .debug_macro   0x000139f2      0x557 ./system/src/cortexm/exception_handlers.o
 .debug_macro   0x00013f49       0x3b ./system/src/cortexm/exception_handlers.o
 .debug_macro   0x00013f84      0x4ea ./system/src/cmsis/system_stm32f4xx.o
 .debug_macro   0x0001446e       0x34 ./system/src/cmsis/vectors_stm32f401xc.o
 .debug_macro   0x000144a2       0x4b ./src/BL_program.o
 .debug_macro   0x000144ed       0x10 ./src/BL_program.o
 .debug_macro   0x000144fd       0x22 ./src/BL_program.o
 .debug_macro   0x0001451f       0x5f ./src/ESP_program.o
 .debug_macro   0x0001457e       0x40 ./src/FPEC_program.o
 .debug_macro   0x000145be       0x1c ./src/FPEC_program.o
 .debug_macro   0x000145da       0x3f ./src/GPIO_program.o
 .debug_macro   0x00014619       0xd6 ./src/GPIO_program.o
 .debug_macro   0x000146ef       0xfa ./src/GPIO_program.o
 .debug_macro   0x000147e9       0x3e ./src/RCC_program.o
 .debug_macro   0x00014827       0x76 ./src/RCC_program.o
 .debug_macro   0x0001489d       0xa6 ./src/RCC_program.o
 .debug_macro   0x00014943       0x28 ./src/RCC_program.o
 .debug_macro   0x0001496b       0x3f ./src/STK_program.o
 .debug_macro   0x000149aa       0x34 ./src/STK_program.o
 .debug_macro   0x000149de       0x1c ./src/STK_program.o
 .debug_macro   0x000149fa       0x4d ./src/UART_program.o
 .debug_macro   0x00014a47       0x10 ./src/UART_program.o
 .debug_macro   0x00014a57      0x4e4 ./src/_initialize_hardware.o
 .debug_macro   0x00014f3b       0x5a ./src/main.o
 .debug_macro   0x00014f95       0x76 ./src/main.o
 .debug_macro   0x0001500b       0xd6 ./src/main.o
 .debug_macro   0x000150e1      0x4e4 ./src/stm32f4xx_hal_msp.o
